// Jest Snapshot v1, https://goo.gl/fbAQLP

exports[`<SpinnerFade> should render 1`] = `
<DocumentFragment>
  <div
    class="sc-b46874d8-0 dsUvGF loader"
    color="var(--text)"
    size="45"
  />
</DocumentFragment>
`;
